INFO:root:this is my very first code for logging
INFO:root:this is my very first code for logging
INFO:root:2
INFO:root:this is my very first code for logging
WARNING:root:this will try to load warning message
INFO:root:2
INFO:root:this is my very first code for logging
WARNING:root:this will try to load warning message
INFO:root:2
INFO:root:this is my very first code for logging
WARNING:root:this will try to load warning message
INFO:root:2
WARNING:root:2
INFO:root:this is my very first code for logging
WARNING:root:this will try to load warning message
INFO:root:2
WARNING:root:this is a warning of a user that they have found 2 in list
